08:54:00:195  INFO 18179 --- [main] com.hmall.HMallApplication               : Starting HMallApplication using Java 17.0.19 on DESKTOP-CRU8QFK with PID 18179 (/home/hyl/code/playground/hmall/hm-service/target/classes started by hyl in /home/hyl/code/playground/hmall)
08:54:00:205 DEBUG 18179 --- [main] com.hmall.HMallApplication               : Running with Spring Boot v2.7.12, Spring v5.3.27
08:54:00:208  INFO 18179 --- [main] com.hmall.HMallApplication               : The following 1 profile is active: "dev"
08:54:02:799  INFO 18179 --- [main] .s.d.r.c.RepositoryConfigurationDelegate : Multiple Spring Data modules found, entering strict repository configuration mode
08:54:02:807  INFO 18179 --- [main] .s.d.r.c.RepositoryConfigurationDelegate : Bootstrapping Spring Data Redis repositories in DEFAULT mode.
08:54:02:864  INFO 18179 --- [main] .s.d.r.c.RepositoryConfigurationDelegate : Finished Spring Data repository scanning in 30 ms. Found 0 Redis repository interfaces.
08:54:04:169  INFO 18179 --- [main] o.s.b.w.embedded.tomcat.TomcatWebServer  : Tomcat initialized with port(s): 8080 (http)
08:54:04:186  INFO 18179 --- [main] o.apache.catalina.core.StandardService   : Starting service [Tomcat]
08:54:04:188  INFO 18179 --- [main] org.apache.catalina.core.StandardEngine  : Starting Servlet engine: [Apache Tomcat/9.0.75]
08:54:04:422  INFO 18179 --- [main] o.a.c.c.C.[Tomcat].[localhost].[/]       : Initializing Spring embedded WebApplicationContext
08:54:04:424  INFO 18179 --- [main] w.s.c.ServletWebServerApplicationContext : Root WebApplicationContext: initialization completed in 4001 ms
08:54:06:825  INFO 18179 --- [main] pertySourcedRequestMappingHandlerMapping : Mapped URL path [/v2/api-docs] onto method [springfox.documentation.swagger2.web.Swagger2ControllerWebMvc#getDocumentation(String, HttpServletRequest)]
08:54:07:214  WARN 18179 --- [main] ConfigServletWebServerApplicationContext : Exception encountered during context initialization - cancelling refresh attempt: org.springframework.context.ApplicationContextException: Failed to start bean 'webServerStartStop'; nested exception is org.springframework.boot.web.server.PortInUseException: Port 8080 is already in use
08:54:07:238  INFO 18179 --- [main] o.apache.catalina.core.StandardService   : Stopping service [Tomcat]
08:54:07:251  INFO 18179 --- [main] ConditionEvaluationReportLoggingListener : 

Error starting ApplicationContext. To display the conditions report re-run your application with 'debug' enabled.
08:54:07:267 ERROR 18179 --- [main] o.s.b.d.LoggingFailureAnalysisReporter   : 

***************************
APPLICATION FAILED TO START
***************************

Description:

Web server failed to start. Port 8080 was already in use.

Action:

Identify and stop the process that's listening on port 8080 or configure this application to listen on another port.

09:11:37:257  INFO 21288 --- [main] com.hmall.HMallApplication               : Starting HMallApplication using Java 17.0.19 on DESKTOP-CRU8QFK with PID 21288 (/home/hyl/code/playground/hmall/hm-service/target/classes started by hyl in /home/hyl/code/playground/hmall)
09:11:37:260 DEBUG 21288 --- [main] com.hmall.HMallApplication               : Running with Spring Boot v2.7.12, Spring v5.3.27
09:11:37:261  INFO 21288 --- [main] com.hmall.HMallApplication               : The following 1 profile is active: "local"
09:11:38:934  INFO 21288 --- [main] .s.d.r.c.RepositoryConfigurationDelegate : Multiple Spring Data modules found, entering strict repository configuration mode
09:11:38:944  INFO 21288 --- [main] .s.d.r.c.RepositoryConfigurationDelegate : Bootstrapping Spring Data Redis repositories in DEFAULT mode.
09:11:39:041  INFO 21288 --- [main] .s.d.r.c.RepositoryConfigurationDelegate : Finished Spring Data repository scanning in 42 ms. Found 0 Redis repository interfaces.
09:11:40:886  INFO 21288 --- [main] o.s.b.w.embedded.tomcat.TomcatWebServer  : Tomcat initialized with port(s): 8080 (http)
09:11:40:898  INFO 21288 --- [main] o.apache.catalina.core.StandardService   : Starting service [Tomcat]
09:11:40:899  INFO 21288 --- [main] org.apache.catalina.core.StandardEngine  : Starting Servlet engine: [Apache Tomcat/9.0.75]
09:11:41:182  INFO 21288 --- [main] o.a.c.c.C.[Tomcat].[localhost].[/]       : Initializing Spring embedded WebApplicationContext
09:11:41:182  INFO 21288 --- [main] w.s.c.ServletWebServerApplicationContext : Root WebApplicationContext: initialization completed in 3869 ms
09:11:43:018  INFO 21288 --- [main] pertySourcedRequestMappingHandlerMapping : Mapped URL path [/v2/api-docs] onto method [springfox.documentation.swagger2.web.Swagger2ControllerWebMvc#getDocumentation(String, HttpServletRequest)]
09:11:43:629  WARN 21288 --- [main] ConfigServletWebServerApplicationContext : Exception encountered during context initialization - cancelling refresh attempt: org.springframework.context.ApplicationContextException: Failed to start bean 'webServerStartStop'; nested exception is org.springframework.boot.web.server.PortInUseException: Port 8080 is already in use
09:11:43:672  INFO 21288 --- [main] o.apache.catalina.core.StandardService   : Stopping service [Tomcat]
09:11:43:691  INFO 21288 --- [main] ConditionEvaluationReportLoggingListener : 

Error starting ApplicationContext. To display the conditions report re-run your application with 'debug' enabled.
09:11:43:727 ERROR 21288 --- [main] o.s.b.d.LoggingFailureAnalysisReporter   : 

***************************
APPLICATION FAILED TO START
***************************

Description:

Web server failed to start. Port 8080 was already in use.

Action:

Identify and stop the process that's listening on port 8080 or configure this application to listen on another port.

09:12:00:811  INFO 21696 --- [main] com.hmall.HMallApplication               : Starting HMallApplication using Java 17.0.19 on DESKTOP-CRU8QFK with PID 21696 (/home/hyl/code/playground/hmall/hm-service/target/classes started by hyl in /home/hyl/code/playground/hmall)
09:12:00:814 DEBUG 21696 --- [main] com.hmall.HMallApplication               : Running with Spring Boot v2.7.12, Spring v5.3.27
09:12:00:815  INFO 21696 --- [main] com.hmall.HMallApplication               : The following 1 profile is active: "local"
09:12:02:033  INFO 21696 --- [main] .s.d.r.c.RepositoryConfigurationDelegate : Multiple Spring Data modules found, entering strict repository configuration mode
09:12:02:044  INFO 21696 --- [main] .s.d.r.c.RepositoryConfigurationDelegate : Bootstrapping Spring Data Redis repositories in DEFAULT mode.
09:12:02:107  INFO 21696 --- [main] .s.d.r.c.RepositoryConfigurationDelegate : Finished Spring Data repository scanning in 28 ms. Found 0 Redis repository interfaces.
09:12:03:477  INFO 21696 --- [main] o.s.b.w.embedded.tomcat.TomcatWebServer  : Tomcat initialized with port(s): 8081 (http)
09:12:03:495  INFO 21696 --- [main] o.apache.catalina.core.StandardService   : Starting service [Tomcat]
09:12:03:496  INFO 21696 --- [main] org.apache.catalina.core.StandardEngine  : Starting Servlet engine: [Apache Tomcat/9.0.75]
09:12:03:753  INFO 21696 --- [main] o.a.c.c.C.[Tomcat].[localhost].[/]       : Initializing Spring embedded WebApplicationContext
09:12:03:753  INFO 21696 --- [main] w.s.c.ServletWebServerApplicationContext : Root WebApplicationContext: initialization completed in 2893 ms
09:12:06:958  INFO 21696 --- [main] pertySourcedRequestMappingHandlerMapping : Mapped URL path [/v2/api-docs] onto method [springfox.documentation.swagger2.web.Swagger2ControllerWebMvc#getDocumentation(String, HttpServletRequest)]
09:12:06:739  INFO 21696 --- [main] o.s.b.w.embedded.tomcat.TomcatWebServer  : Tomcat started on port(s): 8081 (http) with context path ''
09:12:06:740  INFO 21696 --- [main] d.s.w.p.DocumentationPluginsBootstrapper : Documentation plugins bootstrapped
09:12:06:743  INFO 21696 --- [main] d.s.w.p.DocumentationPluginsBootstrapper : Found 1 custom documentation plugin(s)
09:12:06:785  INFO 21696 --- [main] s.d.s.w.s.ApiListingReferenceScanner     : Scanning for api listing references
09:12:06:049  INFO 21696 --- [main] com.hmall.HMallApplication               : Started HMallApplication in 7.422 seconds (JVM running for 8.033)
14:50:12:425  INFO 110019 --- [main] com.hmall.HMallApplication               : Starting HMallApplication using Java 17.0.19 on DESKTOP-CRU8QFK with PID 110019 (/home/hyl/code/playground/hmall/hm-service/target/classes started by hyl in /home/hyl/code/playground/hmall)
14:50:12:431 DEBUG 110019 --- [main] com.hmall.HMallApplication               : Running with Spring Boot v2.7.12, Spring v5.3.27
14:50:12:439  INFO 110019 --- [main] com.hmall.HMallApplication               : The following 1 profile is active: "local"
