08:56:43:085  INFO 3955 --- [main] com.hmall.item.ItemApplication           : Starting ItemApplication using Java 11.0.31 on DESKTOP-CRU8QFK with PID 3955 (/home/hyl/code/playground/hmall/item-service/target/classes started by hyl in /home/hyl/code/playground/hmall)
08:56:43:098 DEBUG 3955 --- [main] com.hmall.item.ItemApplication           : Running with Spring Boot v2.7.12, Spring v5.3.27
08:56:43:101  INFO 3955 --- [main] com.hmall.item.ItemApplication           : The following 1 profile is active: "local"
08:56:48:672  INFO 3955 --- [main] o.s.cloud.context.scope.GenericScope     : BeanFactory id=ddd498ca-47db-3ed1-9eea-c4281eb7d057
08:56:49:458  INFO 3955 --- [main] o.s.b.w.embedded.tomcat.TomcatWebServer  : Tomcat initialized with port(s): 8082 (http)
08:56:49:485  INFO 3955 --- [main] o.apache.catalina.core.StandardService   : Starting service [Tomcat]
08:56:49:486  INFO 3955 --- [main] org.apache.catalina.core.StandardEngine  : Starting Servlet engine: [Apache Tomcat/9.0.75]
08:56:49:714  INFO 3955 --- [main] o.a.c.c.C.[Tomcat].[localhost].[/]       : Initializing Spring embedded WebApplicationContext
08:56:49:714  INFO 3955 --- [main] w.s.c.ServletWebServerApplicationContext : Root WebApplicationContext: initialization completed in 6457 ms
08:56:52:054  INFO 3955 --- [main] o.s.cloud.commons.util.InetUtils         : Cannot determine local hostname
08:56:52:145  INFO 3955 --- [main] pertySourcedRequestMappingHandlerMapping : Mapped URL path [/v2/api-docs] onto method [springfox.documentation.swagger2.web.Swagger2ControllerWebMvc#getDocumentation(String, HttpServletRequest)]
08:56:53:313  INFO 3955 --- [main] o.s.cloud.commons.util.InetUtils         : Cannot determine local hostname
08:56:54:673  INFO 3955 --- [main] com.alibaba.nacos.common.remote.client   : [RpcClientFactory] create a new rpc client of 39527a57-c372-45cf-8699-7047d81eaae5
08:56:54:975  INFO 3955 --- [main] org.reflections.Reflections              : Reflections took 162 ms to scan 1 urls, producing 3 keys and 6 values 
08:56:55:171  INFO 3955 --- [main] org.reflections.Reflections              : Reflections took 66 ms to scan 1 urls, producing 4 keys and 9 values 
08:56:55:327  INFO 3955 --- [main] org.reflections.Reflections              : Reflections took 144 ms to scan 1 urls, producing 3 keys and 10 values 
08:56:55:340  WARN 3955 --- [main] org.reflections.Reflections              : given scan urls are empty. set urls in the configuration
08:56:55:393  INFO 3955 --- [main] org.reflections.Reflections              : Reflections took 50 ms to scan 1 urls, producing 1 keys and 5 values 
08:56:55:459  INFO 3955 --- [main] org.reflections.Reflections              : Reflections took 54 ms to scan 1 urls, producing 1 keys and 7 values 
08:56:55:519  INFO 3955 --- [main] org.reflections.Reflections              : Reflections took 49 ms to scan 1 urls, producing 2 keys and 8 values 
08:56:55:525  WARN 3955 --- [main] org.reflections.Reflections              : given scan urls are empty. set urls in the configuration
08:56:55:529  INFO 3955 --- [main] com.alibaba.nacos.common.remote.client   : [39527a57-c372-45cf-8699-7047d81eaae5] RpcClient init label, labels = {module=naming, source=sdk}
08:56:55:537  INFO 3955 --- [main] com.alibaba.nacos.common.remote.client   : [39527a57-c372-45cf-8699-7047d81eaae5] RpcClient init, ServerListFactory = com.alibaba.nacos.client.naming.core.ServerListManager
08:56:55:538  INFO 3955 --- [main] com.alibaba.nacos.common.remote.client   : [39527a57-c372-45cf-8699-7047d81eaae5] Registry connection listener to current client:com.alibaba.nacos.client.naming.remote.gprc.redo.NamingGrpcRedoService
08:56:55:542  INFO 3955 --- [main] com.alibaba.nacos.common.remote.client   : [39527a57-c372-45cf-8699-7047d81eaae5] Register server push request handler:com.alibaba.nacos.client.naming.remote.gprc.NamingPushRequestHandler
08:56:55:552  INFO 3955 --- [main] com.alibaba.nacos.common.remote.client   : [39527a57-c372-45cf-8699-7047d81eaae5] Try to connect to server on start up, server: {serverIp = '127.0.0.1', server main port = 8848}
08:56:56:845  INFO 4198 --- [main] com.hmall.item.ItemApplication           : Starting ItemApplication using Java 11.0.31 on DESKTOP-CRU8QFK with PID 4198 (/home/hyl/code/playground/hmall/item-service/target/classes started by hyl in /home/hyl/code/playground/hmall)
08:56:56:851 DEBUG 4198 --- [main] com.hmall.item.ItemApplication           : Running with Spring Boot v2.7.12, Spring v5.3.27
08:56:56:853  INFO 4198 --- [main] com.hmall.item.ItemApplication           : The following 1 profile is active: "local"
08:56:57:744  INFO 3955 --- [main] com.alibaba.nacos.common.remote.client   : [39527a57-c372-45cf-8699-7047d81eaae5] Success to connect to server [127.0.0.1:8848] on start up, connectionId = 1784854616968_172.19.0.1_40164
08:56:57:747  INFO 3955 --- [com.alibaba.nacos.client.remote.worker] com.alibaba.nacos.common.remote.client   : [39527a57-c372-45cf-8699-7047d81eaae5] Notify connected event to listeners.
08:56:57:751  INFO 3955 --- [main] com.alibaba.nacos.common.remote.client   : [39527a57-c372-45cf-8699-7047d81eaae5] Register server push request handler:com.alibaba.nacos.common.remote.client.RpcClient$ConnectResetRequestHandler
08:56:57:755  INFO 3955 --- [main] com.alibaba.nacos.common.remote.client   : [39527a57-c372-45cf-8699-7047d81eaae5] Register server push request handler:com.alibaba.nacos.common.remote.client.RpcClient$$Lambda$916/0x00000008405e3840
08:56:58:090  INFO 3955 --- [main] o.s.b.w.embedded.tomcat.TomcatWebServer  : Tomcat started on port(s): 8082 (http) with context path ''
08:56:58:222  INFO 3955 --- [main] c.a.c.n.registry.NacosServiceRegistry    : nacos registry, DEFAULT_GROUP item-service 172.28.181.219:8082 register finished
08:56:58:485  INFO 3955 --- [nacos-grpc-client-executor-8] com.alibaba.nacos.common.remote.client   : [39527a57-c372-45cf-8699-7047d81eaae5] Receive server push request, request = NotifySubscriberRequest, requestId = 3
08:56:58:495  INFO 3955 --- [nacos-grpc-client-executor-8] com.alibaba.nacos.common.remote.client   : [39527a57-c372-45cf-8699-7047d81eaae5] Ack server push request, request = NotifySubscriberRequest, requestId = 3
08:56:59:231  INFO 3955 --- [main] o.s.cloud.commons.util.InetUtils         : Cannot determine local hostname
08:56:59:233  INFO 3955 --- [main] d.s.w.p.DocumentationPluginsBootstrapper : Documentation plugins bootstrapped
08:56:59:250  INFO 3955 --- [main] d.s.w.p.DocumentationPluginsBootstrapper : Found 1 custom documentation plugin(s)
08:56:59:430  INFO 3955 --- [main] s.d.s.w.s.ApiListingReferenceScanner     : Scanning for api listing references
08:57:00:153  INFO 3955 --- [main] com.hmall.item.ItemApplication           : Started ItemApplication in 19.506 seconds (JVM running for 20.902)
08:57:01:203  INFO 4198 --- [main] o.s.cloud.context.scope.GenericScope     : BeanFactory id=ddd498ca-47db-3ed1-9eea-c4281eb7d057
08:57:01:873  INFO 4198 --- [main] o.s.b.w.embedded.tomcat.TomcatWebServer  : Tomcat initialized with port(s): 8084 (http)
08:57:01:879  INFO 4198 --- [main] o.apache.catalina.core.StandardService   : Starting service [Tomcat]
08:57:01:880  INFO 4198 --- [main] org.apache.catalina.core.StandardEngine  : Starting Servlet engine: [Apache Tomcat/9.0.75]
08:57:01:957  INFO 4198 --- [main] o.a.c.c.C.[Tomcat].[localhost].[/]       : Initializing Spring embedded WebApplicationContext
08:57:01:958  INFO 4198 --- [main] w.s.c.ServletWebServerApplicationContext : Root WebApplicationContext: initialization completed in 4980 ms
08:57:03:733  INFO 4198 --- [main] o.s.cloud.commons.util.InetUtils         : Cannot determine local hostname
08:57:03:760  INFO 4198 --- [main] pertySourcedRequestMappingHandlerMapping : Mapped URL path [/v2/api-docs] onto method [springfox.documentation.swagger2.web.Swagger2ControllerWebMvc#getDocumentation(String, HttpServletRequest)]
08:57:04:815  INFO 4198 --- [main] o.s.cloud.commons.util.InetUtils         : Cannot determine local hostname
08:57:05:072  INFO 4198 --- [main] com.alibaba.nacos.common.remote.client   : [RpcClientFactory] create a new rpc client of 11ebc512-47f2-41b6-86b9-360b5d563489
08:57:05:108  INFO 4198 --- [main] org.reflections.Reflections              : Reflections took 19 ms to scan 1 urls, producing 3 keys and 6 values 
08:57:05:131  INFO 4198 --- [main] org.reflections.Reflections              : Reflections took 10 ms to scan 1 urls, producing 4 keys and 9 values 
08:57:05:142  INFO 4198 --- [main] org.reflections.Reflections              : Reflections took 8 ms to scan 1 urls, producing 3 keys and 10 values 
08:57:05:145  WARN 4198 --- [main] org.reflections.Reflections              : given scan urls are empty. set urls in the configuration
08:57:05:153  INFO 4198 --- [main] org.reflections.Reflections              : Reflections took 7 ms to scan 1 urls, producing 1 keys and 5 values 
08:57:05:164  INFO 4198 --- [main] org.reflections.Reflections              : Reflections took 8 ms to scan 1 urls, producing 1 keys and 7 values 
08:57:05:174  INFO 4198 --- [main] org.reflections.Reflections              : Reflections took 7 ms to scan 1 urls, producing 2 keys and 8 values 
08:57:05:177  WARN 4198 --- [main] org.reflections.Reflections              : given scan urls are empty. set urls in the configuration
08:57:05:178  INFO 4198 --- [main] com.alibaba.nacos.common.remote.client   : [11ebc512-47f2-41b6-86b9-360b5d563489] RpcClient init label, labels = {module=naming, source=sdk}
08:57:05:180  INFO 4198 --- [main] com.alibaba.nacos.common.remote.client   : [11ebc512-47f2-41b6-86b9-360b5d563489] RpcClient init, ServerListFactory = com.alibaba.nacos.client.naming.core.ServerListManager
08:57:05:181  INFO 4198 --- [main] com.alibaba.nacos.common.remote.client   : [11ebc512-47f2-41b6-86b9-360b5d563489] Registry connection listener to current client:com.alibaba.nacos.client.naming.remote.gprc.redo.NamingGrpcRedoService
08:57:05:182  INFO 4198 --- [main] com.alibaba.nacos.common.remote.client   : [11ebc512-47f2-41b6-86b9-360b5d563489] Register server push request handler:com.alibaba.nacos.client.naming.remote.gprc.NamingPushRequestHandler
08:57:05:185  INFO 4198 --- [main] com.alibaba.nacos.common.remote.client   : [11ebc512-47f2-41b6-86b9-360b5d563489] Try to connect to server on start up, server: {serverIp = '127.0.0.1', server main port = 8848}
08:57:05:908  INFO 4198 --- [main] com.alibaba.nacos.common.remote.client   : [11ebc512-47f2-41b6-86b9-360b5d563489] Success to connect to server [127.0.0.1:8848] on start up, connectionId = 1784854625706_172.19.0.1_45316
08:57:05:910  INFO 4198 --- [main] com.alibaba.nacos.common.remote.client   : [11ebc512-47f2-41b6-86b9-360b5d563489] Register server push request handler:com.alibaba.nacos.common.remote.client.RpcClient$ConnectResetRequestHandler
08:57:05:909  INFO 4198 --- [com.alibaba.nacos.client.remote.worker] com.alibaba.nacos.common.remote.client   : [11ebc512-47f2-41b6-86b9-360b5d563489] Notify connected event to listeners.
08:57:05:912  INFO 4198 --- [main] com.alibaba.nacos.common.remote.client   : [11ebc512-47f2-41b6-86b9-360b5d563489] Register server push request handler:com.alibaba.nacos.common.remote.client.RpcClient$$Lambda$916/0x00000008405e3c40
08:57:05:978  INFO 4198 --- [main] o.s.b.w.embedded.tomcat.TomcatWebServer  : Tomcat started on port(s): 8084 (http) with context path ''
08:57:05:997  INFO 4198 --- [main] c.a.c.n.registry.NacosServiceRegistry    : nacos registry, DEFAULT_GROUP item-service 172.28.181.219:8084 register finished
08:57:06:480  INFO 3955 --- [nacos-grpc-client-executor-13] com.alibaba.nacos.common.remote.client   : [39527a57-c372-45cf-8699-7047d81eaae5] Receive server push request, request = NotifySubscriberRequest, requestId = 6
08:57:06:485  INFO 3955 --- [nacos-grpc-client-executor-13] com.alibaba.nacos.common.remote.client   : [39527a57-c372-45cf-8699-7047d81eaae5] Ack server push request, request = NotifySubscriberRequest, requestId = 6
08:57:06:518  INFO 4198 --- [nacos-grpc-client-executor-10] com.alibaba.nacos.common.remote.client   : [11ebc512-47f2-41b6-86b9-360b5d563489] Receive server push request, request = NotifySubscriberRequest, requestId = 7
08:57:06:523  INFO 4198 --- [nacos-grpc-client-executor-10] com.alibaba.nacos.common.remote.client   : [11ebc512-47f2-41b6-86b9-360b5d563489] Ack server push request, request = NotifySubscriberRequest, requestId = 7
08:57:07:000  INFO 4198 --- [main] o.s.cloud.commons.util.InetUtils         : Cannot determine local hostname
08:57:07:001  INFO 4198 --- [main] d.s.w.p.DocumentationPluginsBootstrapper : Documentation plugins bootstrapped
08:57:07:004  INFO 4198 --- [main] d.s.w.p.DocumentationPluginsBootstrapper : Found 1 custom documentation plugin(s)
08:57:07:032  INFO 4198 --- [main] s.d.s.w.s.ApiListingReferenceScanner     : Scanning for api listing references
08:57:07:196  INFO 4198 --- [main] com.hmall.item.ItemApplication           : Started ItemApplication in 13.269 seconds (JVM running for 15.309)
08:57:41:030  INFO 3955 --- [http-nio-8082-exec-1] o.a.c.c.C.[Tomcat].[localhost].[/]       : Initializing Spring DispatcherServlet 'dispatcherServlet'
08:57:41:030  INFO 3955 --- [http-nio-8082-exec-1] o.s.web.servlet.DispatcherServlet        : Initializing Servlet 'dispatcherServlet'
08:57:41:033  INFO 3955 --- [http-nio-8082-exec-1] o.s.web.servlet.DispatcherServlet        : Completed initialization in 2 ms
08:57:41:097  INFO 3955 --- [http-nio-8082-exec-1] com.zaxxer.hikari.HikariDataSource       : HikariPool-1 - Starting...
08:57:41:318  INFO 3955 --- [http-nio-8082-exec-1] com.zaxxer.hikari.HikariDataSource       : HikariPool-1 - Start completed.
08:57:41:325 DEBUG 3955 --- [http-nio-8082-exec-1] c.h.i.mapper.ItemMapper.selectBatchIds   : ==>  Preparing: SELECT id,name,price,stock,image,category,brand,spec,sold,comment_count,isAD,status,create_time,update_time,creater,updater FROM item WHERE id IN ( ? )
08:57:41:344 DEBUG 3955 --- [http-nio-8082-exec-1] c.h.i.mapper.ItemMapper.selectBatchIds   : ==> Parameters: 100000006163(Long)
08:57:41:376 DEBUG 3955 --- [http-nio-8082-exec-1] c.h.i.mapper.ItemMapper.selectBatchIds   : <==      Total: 1
11:20:47:748 DEBUG 3955 --- [http-nio-8082-exec-3] c.h.i.m.ItemMapper.selectPage_mpCount    : ==>  Preparing: SELECT COUNT(*) FROM item WHERE (status = ?)
11:20:47:757 DEBUG 3955 --- [http-nio-8082-exec-3] c.h.i.m.ItemMapper.selectPage_mpCount    : ==> Parameters: 1(Integer)
11:20:47:881 DEBUG 3955 --- [http-nio-8082-exec-3] c.h.i.m.ItemMapper.selectPage_mpCount    : <==      Total: 1
11:20:47:899 DEBUG 3955 --- [http-nio-8082-exec-3] c.h.item.mapper.ItemMapper.selectPage    : ==>  Preparing: SELECT id, name, price, stock, image, category, brand, spec, sold, comment_count, isAD, status, create_time, update_time, creater, updater FROM item WHERE (status = ?) ORDER BY update_time DESC LIMIT ?
11:20:47:900 DEBUG 3955 --- [http-nio-8082-exec-3] c.h.item.mapper.ItemMapper.selectPage    : ==> Parameters: 1(Integer), 1(Long)
11:20:47:908 DEBUG 3955 --- [http-nio-8082-exec-3] c.h.item.mapper.ItemMapper.selectPage    : <==      Total: 1
11:23:30:672 DEBUG 3955 --- [http-nio-8082-exec-5] c.h.i.m.ItemMapper.selectPage_mpCount    : ==>  Preparing: SELECT COUNT(*) FROM item WHERE (status = ?)
11:23:30:673 DEBUG 3955 --- [http-nio-8082-exec-5] c.h.i.m.ItemMapper.selectPage_mpCount    : ==> Parameters: 1(Integer)
11:23:30:713 DEBUG 3955 --- [http-nio-8082-exec-5] c.h.i.m.ItemMapper.selectPage_mpCount    : <==      Total: 1
11:23:30:753 DEBUG 3955 --- [http-nio-8082-exec-5] c.h.item.mapper.ItemMapper.selectPage    : ==>  Preparing: SELECT id, name, price, stock, image, category, brand, spec, sold, comment_count, isAD, status, create_time, update_time, creater, updater FROM item WHERE (status = ?) ORDER BY update_time DESC LIMIT ?
11:23:30:754 DEBUG 3955 --- [http-nio-8082-exec-5] c.h.item.mapper.ItemMapper.selectPage    : ==> Parameters: 1(Integer), 1(Long)
11:23:30:758 DEBUG 3955 --- [http-nio-8082-exec-5] c.h.item.mapper.ItemMapper.selectPage    : <==      Total: 1
11:23:38:088  INFO 4198 --- [http-nio-8084-exec-1] o.a.c.c.C.[Tomcat].[localhost].[/]       : Initializing Spring DispatcherServlet 'dispatcherServlet'
11:23:38:094  INFO 4198 --- [http-nio-8084-exec-1] o.s.web.servlet.DispatcherServlet        : Initializing Servlet 'dispatcherServlet'
11:23:38:136  INFO 4198 --- [http-nio-8084-exec-1] o.s.web.servlet.DispatcherServlet        : Completed initialization in 42 ms
11:23:38:590  INFO 4198 --- [http-nio-8084-exec-1] com.zaxxer.hikari.HikariDataSource       : HikariPool-1 - Starting...
11:23:39:063  INFO 4198 --- [http-nio-8084-exec-1] com.zaxxer.hikari.HikariDataSource       : HikariPool-1 - Start completed.
11:23:39:075 DEBUG 4198 --- [http-nio-8084-exec-1] c.h.i.m.ItemMapper.selectPage_mpCount    : ==>  Preparing: SELECT COUNT(*) FROM item WHERE (status = ?)
11:23:39:113 DEBUG 4198 --- [http-nio-8084-exec-1] c.h.i.m.ItemMapper.selectPage_mpCount    : ==> Parameters: 1(Integer)
11:23:39:179 DEBUG 4198 --- [http-nio-8084-exec-1] c.h.i.m.ItemMapper.selectPage_mpCount    : <==      Total: 1
11:23:39:202 DEBUG 4198 --- [http-nio-8084-exec-1] c.h.item.mapper.ItemMapper.selectPage    : ==>  Preparing: SELECT id, name, price, stock, image, category, brand, spec, sold, comment_count, isAD, status, create_time, update_time, creater, updater FROM item WHERE (status = ?) ORDER BY update_time DESC LIMIT ?
11:23:39:203 DEBUG 4198 --- [http-nio-8084-exec-1] c.h.item.mapper.ItemMapper.selectPage    : ==> Parameters: 1(Integer), 1(Long)
11:23:39:215 DEBUG 4198 --- [http-nio-8084-exec-1] c.h.item.mapper.ItemMapper.selectPage    : <==      Total: 1
11:34:06:635 DEBUG 3955 --- [http-nio-8082-exec-7] c.h.i.m.ItemMapper.selectPage_mpCount    : ==>  Preparing: SELECT COUNT(*) FROM item WHERE (status = ?)
11:34:06:636 DEBUG 3955 --- [http-nio-8082-exec-7] c.h.i.m.ItemMapper.selectPage_mpCount    : ==> Parameters: 1(Integer)
11:34:06:659 DEBUG 3955 --- [http-nio-8082-exec-7] c.h.i.m.ItemMapper.selectPage_mpCount    : <==      Total: 1
11:34:06:662 DEBUG 3955 --- [http-nio-8082-exec-7] c.h.item.mapper.ItemMapper.selectPage    : ==>  Preparing: SELECT id, name, price, stock, image, category, brand, spec, sold, comment_count, isAD, status, create_time, update_time, creater, updater FROM item WHERE (status = ?) ORDER BY update_time DESC LIMIT ?
11:34:06:663 DEBUG 3955 --- [http-nio-8082-exec-7] c.h.item.mapper.ItemMapper.selectPage    : ==> Parameters: 1(Integer), 1(Long)
11:34:06:668 DEBUG 3955 --- [http-nio-8082-exec-7] c.h.item.mapper.ItemMapper.selectPage    : <==      Total: 1
14:40:54:022  WARN 4198 --- [Thread-7] c.a.n.common.http.HttpClientBeanHolder   : [HttpClientBeanHolder] Start destroying common HttpClient
14:40:54:024  WARN 4198 --- [Thread-4] c.a.nacos.common.notify.NotifyCenter     : [NotifyCenter] Start destroying Publisher
14:40:54:032  WARN 3955 --- [Thread-7] c.a.n.common.http.HttpClientBeanHolder   : [HttpClientBeanHolder] Start destroying common HttpClient
14:40:54:047  WARN 4198 --- [Thread-4] c.a.nacos.common.notify.NotifyCenter     : [NotifyCenter] Destruction of the end
14:40:54:050  WARN 3955 --- [Thread-4] c.a.nacos.common.notify.NotifyCenter     : [NotifyCenter] Start destroying Publisher
14:40:54:063  WARN 4198 --- [Thread-7] c.a.n.common.http.HttpClientBeanHolder   : [HttpClientBeanHolder] Destruction of the end
14:40:54:066  WARN 3955 --- [Thread-7] c.a.n.common.http.HttpClientBeanHolder   : [HttpClientBeanHolder] Destruction of the end
14:40:54:068  WARN 3955 --- [Thread-4] c.a.nacos.common.notify.NotifyCenter     : [NotifyCenter] Destruction of the end
14:40:55:054  INFO 3955 --- [SpringApplicationShutdownHook] c.a.c.n.registry.NacosServiceRegistry    : De-registering from Nacos Server now...
14:40:55:094  INFO 3955 --- [SpringApplicationShutdownHook] c.a.c.n.registry.NacosServiceRegistry    : De-registration finished.
14:40:55:173  INFO 4198 --- [SpringApplicationShutdownHook] c.a.c.n.registry.NacosServiceRegistry    : De-registering from Nacos Server now...
14:40:55:193  INFO 4198 --- [SpringApplicationShutdownHook] c.a.c.n.registry.NacosServiceRegistry    : De-registration finished.
14:40:55:449  INFO 3955 --- [SpringApplicationShutdownHook] com.alibaba.nacos.common.remote.client   : Shutdown rpc client, set status to shutdown
14:40:55:451  INFO 3955 --- [SpringApplicationShutdownHook] com.alibaba.nacos.common.remote.client   : Shutdown client event executor java.util.concurrent.ScheduledThreadPoolExecutor@28798c05[Running, pool size = 2, active threads = 2, queued tasks = 0, completed tasks = 0]
14:40:55:453  INFO 3955 --- [SpringApplicationShutdownHook] com.alibaba.nacos.common.remote.client   : Close current connection 1784854616968_172.19.0.1_40164
14:40:55:463  INFO 3955 --- [nacos-grpc-client-executor-3763] c.a.n.c.remote.client.grpc.GrpcClient    : [1784854616968_172.19.0.1_40164]Ignore complete event,isRunning:false,isAbandon=false
14:40:55:500  INFO 3955 --- [SpringApplicationShutdownHook] c.a.n.c.remote.client.grpc.GrpcClient    : Shutdown grpc executor java.util.concurrent.ThreadPoolExecutor@7f02db00[Running, pool size = 5, active threads = 0, queued tasks = 0, completed tasks = 3764]
14:40:55:509  INFO 4198 --- [SpringApplicationShutdownHook] com.alibaba.nacos.common.remote.client   : Shutdown rpc client, set status to shutdown
14:40:55:511  INFO 4198 --- [SpringApplicationShutdownHook] com.alibaba.nacos.common.remote.client   : Shutdown client event executor java.util.concurrent.ScheduledThreadPoolExecutor@a2b3d36[Running, pool size = 2, active threads = 2, queued tasks = 0, completed tasks = 0]
14:40:55:512  INFO 4198 --- [SpringApplicationShutdownHook] com.alibaba.nacos.common.remote.client   : Close current connection 1784854625706_172.19.0.1_45316
14:40:55:520  INFO 4198 --- [nacos-grpc-client-executor-3607] c.a.n.c.remote.client.grpc.GrpcClient    : [1784854625706_172.19.0.1_45316]Ignore complete event,isRunning:false,isAbandon=false
14:40:55:537  INFO 3955 --- [SpringApplicationShutdownHook] com.zaxxer.hikari.HikariDataSource       : HikariPool-1 - Shutdown initiated...
14:40:55:611  INFO 3955 --- [SpringApplicationShutdownHook] com.zaxxer.hikari.HikariDataSource       : HikariPool-1 - Shutdown completed.
14:40:55:805  INFO 4198 --- [SpringApplicationShutdownHook] c.a.n.c.remote.client.grpc.GrpcClient    : Shutdown grpc executor java.util.concurrent.ThreadPoolExecutor@51a2c5bc[Running, pool size = 6, active threads = 0, queued tasks = 0, completed tasks = 3608]
14:40:55:833  INFO 4198 --- [SpringApplicationShutdownHook] com.zaxxer.hikari.HikariDataSource       : HikariPool-1 - Shutdown initiated...
14:40:55:876  INFO 4198 --- [SpringApplicationShutdownHook] com.zaxxer.hikari.HikariDataSource       : HikariPool-1 - Shutdown completed.
15:22:30:861  INFO 76803 --- [main] com.hmall.item.ItemApplication           : Starting ItemApplication using Java 11.0.31 on DESKTOP-CRU8QFK with PID 76803 (/home/hyl/code/playground/hmall/item-service/target/classes started by hyl in /home/hyl/code/playground/hmall)
15:22:30:863 DEBUG 76803 --- [main] com.hmall.item.ItemApplication           : Running with Spring Boot v2.7.12, Spring v5.3.27
15:22:30:864  INFO 76803 --- [main] com.hmall.item.ItemApplication           : The following 1 profile is active: "local"
15:22:32:471  INFO 76803 --- [main] o.s.cloud.context.scope.GenericScope     : BeanFactory id=ddd498ca-47db-3ed1-9eea-c4281eb7d057
15:22:32:856  INFO 76803 --- [main] o.s.b.w.embedded.tomcat.TomcatWebServer  : Tomcat initialized with port(s): 8082 (http)
15:22:32:865  INFO 76803 --- [main] o.apache.catalina.core.StandardService   : Starting service [Tomcat]
15:22:32:866  INFO 76803 --- [main] org.apache.catalina.core.StandardEngine  : Starting Servlet engine: [Apache Tomcat/9.0.75]
15:22:33:007  INFO 76803 --- [main] o.a.c.c.C.[Tomcat].[localhost].[/]       : Initializing Spring embedded WebApplicationContext
15:22:33:008  INFO 76803 --- [main] w.s.c.ServletWebServerApplicationContext : Root WebApplicationContext: initialization completed in 2083 ms
15:22:37:898  INFO 76803 --- [main] o.s.cloud.commons.util.InetUtils         : Cannot determine local hostname
15:22:37:992  INFO 76803 --- [main] pertySourcedRequestMappingHandlerMapping : Mapped URL path [/v2/api-docs] onto method [springfox.documentation.swagger2.web.Swagger2ControllerWebMvc#getDocumentation(String, HttpServletRequest)]
15:22:39:282  INFO 76803 --- [main] o.s.cloud.commons.util.InetUtils         : Cannot determine local hostname
15:22:40:269  INFO 76803 --- [main] com.alibaba.nacos.common.remote.client   : [RpcClientFactory] create a new rpc client of 71118922-1c09-4a8f-985f-50a96463ec61
15:22:40:430  INFO 76803 --- [main] org.reflections.Reflections              : Reflections took 106 ms to scan 1 urls, producing 3 keys and 6 values 
15:22:40:542  INFO 76803 --- [main] org.reflections.Reflections              : Reflections took 31 ms to scan 1 urls, producing 4 keys and 9 values 
15:22:40:574  INFO 76803 --- [main] org.reflections.Reflections              : Reflections took 24 ms to scan 1 urls, producing 3 keys and 10 values 
15:22:40:583  WARN 76803 --- [main] org.reflections.Reflections              : given scan urls are empty. set urls in the configuration
15:22:40:614  INFO 76803 --- [main] org.reflections.Reflections              : Reflections took 28 ms to scan 1 urls, producing 1 keys and 5 values 
15:22:40:646  INFO 76803 --- [main] org.reflections.Reflections              : Reflections took 27 ms to scan 1 urls, producing 1 keys and 7 values 
15:22:40:679  INFO 76803 --- [main] org.reflections.Reflections              : Reflections took 22 ms to scan 1 urls, producing 2 keys and 8 values 
15:22:40:685  WARN 76803 --- [main] org.reflections.Reflections              : given scan urls are empty. set urls in the configuration
15:22:40:689  INFO 76803 --- [main] com.alibaba.nacos.common.remote.client   : [71118922-1c09-4a8f-985f-50a96463ec61] RpcClient init label, labels = {module=naming, source=sdk}
15:22:40:695  INFO 76803 --- [main] com.alibaba.nacos.common.remote.client   : [71118922-1c09-4a8f-985f-50a96463ec61] RpcClient init, ServerListFactory = com.alibaba.nacos.client.naming.core.ServerListManager
15:22:40:695  INFO 76803 --- [main] com.alibaba.nacos.common.remote.client   : [71118922-1c09-4a8f-985f-50a96463ec61] Registry connection listener to current client:com.alibaba.nacos.client.naming.remote.gprc.redo.NamingGrpcRedoService
15:22:40:697  INFO 76803 --- [main] com.alibaba.nacos.common.remote.client   : [71118922-1c09-4a8f-985f-50a96463ec61] Register server push request handler:com.alibaba.nacos.client.naming.remote.gprc.NamingPushRequestHandler
15:22:40:704  INFO 76803 --- [main] com.alibaba.nacos.common.remote.client   : [71118922-1c09-4a8f-985f-50a96463ec61] Try to connect to server on start up, server: {serverIp = '127.0.0.1', server main port = 8848}
15:22:42:074  INFO 76803 --- [main] com.alibaba.nacos.common.remote.client   : [71118922-1c09-4a8f-985f-50a96463ec61] Success to connect to server [127.0.0.1:8848] on start up, connectionId = 1784877761871_172.19.0.1_47004
15:22:42:077  INFO 76803 --- [main] com.alibaba.nacos.common.remote.client   : [71118922-1c09-4a8f-985f-50a96463ec61] Register server push request handler:com.alibaba.nacos.common.remote.client.RpcClient$ConnectResetRequestHandler
15:22:42:075  INFO 76803 --- [com.alibaba.nacos.client.remote.worker] com.alibaba.nacos.common.remote.client   : [71118922-1c09-4a8f-985f-50a96463ec61] Notify connected event to listeners.
15:22:42:079  INFO 76803 --- [main] com.alibaba.nacos.common.remote.client   : [71118922-1c09-4a8f-985f-50a96463ec61] Register server push request handler:com.alibaba.nacos.common.remote.client.RpcClient$$Lambda$916/0x00000008405e3c40
15:22:42:132  INFO 76803 --- [main] o.s.b.w.embedded.tomcat.TomcatWebServer  : Tomcat started on port(s): 8082 (http) with context path ''
15:22:42:145  INFO 76803 --- [main] c.a.c.n.registry.NacosServiceRegistry    : nacos registry, DEFAULT_GROUP item-service 172.28.181.219:8082 register finished
15:22:42:617  INFO 76803 --- [nacos-grpc-client-executor-10] com.alibaba.nacos.common.remote.client   : [71118922-1c09-4a8f-985f-50a96463ec61] Receive server push request, request = NotifySubscriberRequest, requestId = 68
15:22:42:621  INFO 76803 --- [nacos-grpc-client-executor-10] com.alibaba.nacos.common.remote.client   : [71118922-1c09-4a8f-985f-50a96463ec61] Ack server push request, request = NotifySubscriberRequest, requestId = 68
15:22:43:085  INFO 78463 --- [main] com.hmall.item.ItemApplication           : Starting ItemApplication using Java 11.0.31 on DESKTOP-CRU8QFK with PID 78463 (/home/hyl/code/playground/hmall/item-service/target/classes started by hyl in /home/hyl/code/playground/hmall)
15:22:43:089 DEBUG 78463 --- [main] com.hmall.item.ItemApplication           : Running with Spring Boot v2.7.12, Spring v5.3.27
15:22:43:090  INFO 78463 --- [main] com.hmall.item.ItemApplication           : The following 1 profile is active: "local"
15:22:43:147  INFO 76803 --- [main] o.s.cloud.commons.util.InetUtils         : Cannot determine local hostname
15:22:43:148  INFO 76803 --- [main] d.s.w.p.DocumentationPluginsBootstrapper : Documentation plugins bootstrapped
15:22:43:153  INFO 76803 --- [main] d.s.w.p.DocumentationPluginsBootstrapper : Found 1 custom documentation plugin(s)
15:22:43:193  INFO 76803 --- [main] s.d.s.w.s.ApiListingReferenceScanner     : Scanning for api listing references
15:22:43:372  INFO 76803 --- [main] com.hmall.item.ItemApplication           : Started ItemApplication in 14.1 seconds (JVM running for 15.076)
15:22:44:094  INFO 78463 --- [main] o.s.cloud.context.scope.GenericScope     : BeanFactory id=ddd498ca-47db-3ed1-9eea-c4281eb7d057
15:22:44:481  INFO 78463 --- [main] o.s.b.w.embedded.tomcat.TomcatWebServer  : Tomcat initialized with port(s): 8084 (http)
15:22:44:488  INFO 78463 --- [main] o.apache.catalina.core.StandardService   : Starting service [Tomcat]
15:22:44:489  INFO 78463 --- [main] org.apache.catalina.core.StandardEngine  : Starting Servlet engine: [Apache Tomcat/9.0.75]
15:22:44:592  INFO 78463 --- [main] o.a.c.c.C.[Tomcat].[localhost].[/]       : Initializing Spring embedded WebApplicationContext
15:22:44:592  INFO 78463 --- [main] w.s.c.ServletWebServerApplicationContext : Root WebApplicationContext: initialization completed in 1451 ms
15:22:46:812  INFO 78463 --- [main] o.s.cloud.commons.util.InetUtils         : Cannot determine local hostname
15:22:46:850  INFO 78463 --- [main] pertySourcedRequestMappingHandlerMapping : Mapped URL path [/v2/api-docs] onto method [springfox.documentation.swagger2.web.Swagger2ControllerWebMvc#getDocumentation(String, HttpServletRequest)]
15:22:47:908  INFO 78463 --- [main] o.s.cloud.commons.util.InetUtils         : Cannot determine local hostname
15:22:48:166  INFO 78463 --- [main] com.alibaba.nacos.common.remote.client   : [RpcClientFactory] create a new rpc client of 202cd283-96b1-4c76-8e4c-a1e1326d0e1e
15:22:48:202  INFO 78463 --- [main] org.reflections.Reflections              : Reflections took 19 ms to scan 1 urls, producing 3 keys and 6 values 
15:22:48:224  INFO 78463 --- [main] org.reflections.Reflections              : Reflections took 9 ms to scan 1 urls, producing 4 keys and 9 values 
15:22:48:246  INFO 78463 --- [main] org.reflections.Reflections              : Reflections took 18 ms to scan 1 urls, producing 3 keys and 10 values 
15:22:48:249  WARN 78463 --- [main] org.reflections.Reflections              : given scan urls are empty. set urls in the configuration
15:22:48:258  INFO 78463 --- [main] org.reflections.Reflections              : Reflections took 8 ms to scan 1 urls, producing 1 keys and 5 values 
15:22:48:268  INFO 78463 --- [main] org.reflections.Reflections              : Reflections took 8 ms to scan 1 urls, producing 1 keys and 7 values 
15:22:48:278  INFO 78463 --- [main] org.reflections.Reflections              : Reflections took 7 ms to scan 1 urls, producing 2 keys and 8 values 
15:22:48:281  WARN 78463 --- [main] org.reflections.Reflections              : given scan urls are empty. set urls in the configuration
15:22:48:282  INFO 78463 --- [main] com.alibaba.nacos.common.remote.client   : [202cd283-96b1-4c76-8e4c-a1e1326d0e1e] RpcClient init label, labels = {module=naming, source=sdk}
15:22:48:284  INFO 78463 --- [main] com.alibaba.nacos.common.remote.client   : [202cd283-96b1-4c76-8e4c-a1e1326d0e1e] RpcClient init, ServerListFactory = com.alibaba.nacos.client.naming.core.ServerListManager
15:22:48:284  INFO 78463 --- [main] com.alibaba.nacos.common.remote.client   : [202cd283-96b1-4c76-8e4c-a1e1326d0e1e] Registry connection listener to current client:com.alibaba.nacos.client.naming.remote.gprc.redo.NamingGrpcRedoService
15:22:48:286  INFO 78463 --- [main] com.alibaba.nacos.common.remote.client   : [202cd283-96b1-4c76-8e4c-a1e1326d0e1e] Register server push request handler:com.alibaba.nacos.client.naming.remote.gprc.NamingPushRequestHandler
15:22:48:289  INFO 78463 --- [main] com.alibaba.nacos.common.remote.client   : [202cd283-96b1-4c76-8e4c-a1e1326d0e1e] Try to connect to server on start up, server: {serverIp = '127.0.0.1', server main port = 8848}
15:22:48:915  INFO 78463 --- [main] com.alibaba.nacos.common.remote.client   : [202cd283-96b1-4c76-8e4c-a1e1326d0e1e] Success to connect to server [127.0.0.1:8848] on start up, connectionId = 1784877768709_172.19.0.1_48418
15:22:48:917  INFO 78463 --- [main] com.alibaba.nacos.common.remote.client   : [202cd283-96b1-4c76-8e4c-a1e1326d0e1e] Register server push request handler:com.alibaba.nacos.common.remote.client.RpcClient$ConnectResetRequestHandler
15:22:48:916  INFO 78463 --- [com.alibaba.nacos.client.remote.worker] com.alibaba.nacos.common.remote.client   : [202cd283-96b1-4c76-8e4c-a1e1326d0e1e] Notify connected event to listeners.
15:22:48:919  INFO 78463 --- [main] com.alibaba.nacos.common.remote.client   : [202cd283-96b1-4c76-8e4c-a1e1326d0e1e] Register server push request handler:com.alibaba.nacos.common.remote.client.RpcClient$$Lambda$910/0x00000008405c3840
15:22:48:974  INFO 78463 --- [main] o.s.b.w.embedded.tomcat.TomcatWebServer  : Tomcat started on port(s): 8084 (http) with context path ''
15:22:48:989  INFO 78463 --- [main] c.a.c.n.registry.NacosServiceRegistry    : nacos registry, DEFAULT_GROUP item-service 172.28.181.219:8084 register finished
15:22:49:439  INFO 76803 --- [nacos-grpc-client-executor-13] com.alibaba.nacos.common.remote.client   : [71118922-1c09-4a8f-985f-50a96463ec61] Receive server push request, request = NotifySubscriberRequest, requestId = 69
15:22:49:440  INFO 76803 --- [nacos-grpc-client-executor-13] com.alibaba.nacos.common.remote.client   : [71118922-1c09-4a8f-985f-50a96463ec61] Ack server push request, request = NotifySubscriberRequest, requestId = 69
15:22:49:451  INFO 78463 --- [nacos-grpc-client-executor-9] com.alibaba.nacos.common.remote.client   : [202cd283-96b1-4c76-8e4c-a1e1326d0e1e] Receive server push request, request = NotifySubscriberRequest, requestId = 70
15:22:49:454  INFO 78463 --- [nacos-grpc-client-executor-9] com.alibaba.nacos.common.remote.client   : [202cd283-96b1-4c76-8e4c-a1e1326d0e1e] Ack server push request, request = NotifySubscriberRequest, requestId = 70
15:22:49:992  INFO 78463 --- [main] o.s.cloud.commons.util.InetUtils         : Cannot determine local hostname
15:22:49:992  INFO 78463 --- [main] d.s.w.p.DocumentationPluginsBootstrapper : Documentation plugins bootstrapped
15:22:49:996  INFO 78463 --- [main] d.s.w.p.DocumentationPluginsBootstrapper : Found 1 custom documentation plugin(s)
15:22:50:022  INFO 78463 --- [main] s.d.s.w.s.ApiListingReferenceScanner     : Scanning for api listing references
15:22:50:150  INFO 78463 --- [main] com.hmall.item.ItemApplication           : Started ItemApplication in 8.849 seconds (JVM running for 10.524)
15:23:33:321  WARN 76803 --- [Thread-4] c.a.nacos.common.notify.NotifyCenter     : [NotifyCenter] Start destroying Publisher
15:23:33:322  WARN 76803 --- [Thread-4] c.a.nacos.common.notify.NotifyCenter     : [NotifyCenter] Destruction of the end
15:23:33:322  WARN 78463 --- [Thread-7] c.a.n.common.http.HttpClientBeanHolder   : [HttpClientBeanHolder] Start destroying common HttpClient
15:23:33:323  WARN 78463 --- [Thread-7] c.a.n.common.http.HttpClientBeanHolder   : [HttpClientBeanHolder] Destruction of the end
15:23:33:321  WARN 76803 --- [Thread-7] c.a.n.common.http.HttpClientBeanHolder   : [HttpClientBeanHolder] Start destroying common HttpClient
15:23:33:325  WARN 76803 --- [Thread-7] c.a.n.common.http.HttpClientBeanHolder   : [HttpClientBeanHolder] Destruction of the end
15:23:33:327  WARN 78463 --- [Thread-4] c.a.nacos.common.notify.NotifyCenter     : [NotifyCenter] Start destroying Publisher
15:23:33:328  WARN 78463 --- [Thread-4] c.a.nacos.common.notify.NotifyCenter     : [NotifyCenter] Destruction of the end
15:23:33:427  INFO 76803 --- [SpringApplicationShutdownHook] c.a.c.n.registry.NacosServiceRegistry    : De-registering from Nacos Server now...
15:23:33:445  INFO 76803 --- [SpringApplicationShutdownHook] c.a.c.n.registry.NacosServiceRegistry    : De-registration finished.
15:23:33:455  INFO 78463 --- [SpringApplicationShutdownHook] c.a.c.n.registry.NacosServiceRegistry    : De-registering from Nacos Server now...
15:23:33:470  INFO 78463 --- [SpringApplicationShutdownHook] c.a.c.n.registry.NacosServiceRegistry    : De-registration finished.
15:23:33:753  INFO 76803 --- [SpringApplicationShutdownHook] com.alibaba.nacos.common.remote.client   : Shutdown rpc client, set status to shutdown
15:23:33:753  INFO 76803 --- [SpringApplicationShutdownHook] com.alibaba.nacos.common.remote.client   : Shutdown client event executor java.util.concurrent.ScheduledThreadPoolExecutor@77be62c5[Running, pool size = 2, active threads = 2, queued tasks = 0, completed tasks = 0]
15:23:33:753  INFO 76803 --- [SpringApplicationShutdownHook] com.alibaba.nacos.common.remote.client   : Close current connection 1784877761871_172.19.0.1_47004
15:23:33:760  INFO 76803 --- [nacos-grpc-client-executor-32] c.a.n.c.remote.client.grpc.GrpcClient    : [1784877761871_172.19.0.1_47004]Ignore complete event,isRunning:false,isAbandon=false
15:23:33:764  INFO 76803 --- [SpringApplicationShutdownHook] c.a.n.c.remote.client.grpc.GrpcClient    : Shutdown grpc executor java.util.concurrent.ThreadPoolExecutor@7d707854[Running, pool size = 9, active threads = 0, queued tasks = 0, completed tasks = 33]
15:23:33:776  INFO 78463 --- [SpringApplicationShutdownHook] com.alibaba.nacos.common.remote.client   : Shutdown rpc client, set status to shutdown
15:23:33:776  INFO 78463 --- [SpringApplicationShutdownHook] com.alibaba.nacos.common.remote.client   : Shutdown client event executor java.util.concurrent.ScheduledThreadPoolExecutor@2aa4dd16[Running, pool size = 2, active threads = 2, queued tasks = 0, completed tasks = 0]
15:23:33:777  INFO 78463 --- [SpringApplicationShutdownHook] com.alibaba.nacos.common.remote.client   : Close current connection 1784877768709_172.19.0.1_48418
15:23:33:781  INFO 78463 --- [nacos-grpc-client-executor-26] c.a.n.c.remote.client.grpc.GrpcClient    : [1784877768709_172.19.0.1_48418]Ignore complete event,isRunning:false,isAbandon=false
15:23:33:784  INFO 78463 --- [SpringApplicationShutdownHook] c.a.n.c.remote.client.grpc.GrpcClient    : Shutdown grpc executor java.util.concurrent.ThreadPoolExecutor@65d1ae97[Running, pool size = 7, active threads = 0, queued tasks = 0, completed tasks = 27]
15:25:05:850  INFO 81717 --- [main] com.hmall.item.ItemApplication           : Starting ItemApplication using Java 11.0.31 on DESKTOP-CRU8QFK with PID 81717 (/home/hyl/code/playground/hmall/item-service/target/classes started by hyl in /home/hyl/code/playground/hmall)
15:25:05:859 DEBUG 81717 --- [main] com.hmall.item.ItemApplication           : Running with Spring Boot v2.7.12, Spring v5.3.27
15:25:05:864  INFO 81717 --- [main] com.hmall.item.ItemApplication           : The following 1 profile is active: "local"
15:25:11:056  INFO 81717 --- [main] o.s.cloud.context.scope.GenericScope     : BeanFactory id=ddd498ca-47db-3ed1-9eea-c4281eb7d057
15:25:12:317  INFO 81717 --- [main] o.s.b.w.embedded.tomcat.TomcatWebServer  : Tomcat initialized with port(s): 8082 (http)
15:25:12:341  INFO 81717 --- [main] o.apache.catalina.core.StandardService   : Starting service [Tomcat]
15:25:12:343  INFO 81717 --- [main] org.apache.catalina.core.StandardEngine  : Starting Servlet engine: [Apache Tomcat/9.0.75]
15:25:12:616  INFO 81717 --- [main] o.a.c.c.C.[Tomcat].[localhost].[/]       : Initializing Spring embedded WebApplicationContext
15:25:12:618  INFO 81717 --- [main] w.s.c.ServletWebServerApplicationContext : Root WebApplicationContext: initialization completed in 6523 ms
15:25:15:757  INFO 81717 --- [main] o.s.cloud.commons.util.InetUtils         : Cannot determine local hostname
15:25:15:885  INFO 81717 --- [main] pertySourcedRequestMappingHandlerMapping : Mapped URL path [/v2/api-docs] onto method [springfox.documentation.swagger2.web.Swagger2ControllerWebMvc#getDocumentation(String, HttpServletRequest)]
15:25:16:251  INFO 81805 --- [main] com.hmall.item.ItemApplication           : Starting ItemApplication using Java 11.0.31 on DESKTOP-CRU8QFK with PID 81805 (/home/hyl/code/playground/hmall/item-service/target/classes started by hyl in /home/hyl/code/playground/hmall)
15:25:16:259 DEBUG 81805 --- [main] com.hmall.item.ItemApplication           : Running with Spring Boot v2.7.12, Spring v5.3.27
15:25:16:261  INFO 81805 --- [main] com.hmall.item.ItemApplication           : The following 1 profile is active: "local"
15:25:17:149  INFO 81717 --- [main] o.s.cloud.commons.util.InetUtils         : Cannot determine local hostname
15:25:18:347  INFO 81717 --- [main] com.alibaba.nacos.common.remote.client   : [RpcClientFactory] create a new rpc client of 48d09683-36f1-4be8-9786-23d66751693e
15:25:18:544  INFO 81717 --- [main] org.reflections.Reflections              : Reflections took 116 ms to scan 1 urls, producing 3 keys and 6 values 
15:25:18:677  INFO 81717 --- [main] org.reflections.Reflections              : Reflections took 37 ms to scan 1 urls, producing 4 keys and 9 values 
15:25:18:892  INFO 81717 --- [main] org.reflections.Reflections              : Reflections took 194 ms to scan 1 urls, producing 3 keys and 10 values 
15:25:18:915  WARN 81717 --- [main] org.reflections.Reflections              : given scan urls are empty. set urls in the configuration
15:25:18:988  INFO 81717 --- [main] org.reflections.Reflections              : Reflections took 63 ms to scan 1 urls, producing 1 keys and 5 values 
15:25:19:131  INFO 81717 --- [main] org.reflections.Reflections              : Reflections took 73 ms to scan 1 urls, producing 1 keys and 7 values 
15:25:19:192  INFO 81717 --- [main] org.reflections.Reflections              : Reflections took 46 ms to scan 1 urls, producing 2 keys and 8 values 
15:25:19:202  WARN 81717 --- [main] org.reflections.Reflections              : given scan urls are empty. set urls in the configuration
15:25:19:207  INFO 81717 --- [main] com.alibaba.nacos.common.remote.client   : [48d09683-36f1-4be8-9786-23d66751693e] RpcClient init label, labels = {module=naming, source=sdk}
15:25:19:215  INFO 81717 --- [main] com.alibaba.nacos.common.remote.client   : [48d09683-36f1-4be8-9786-23d66751693e] RpcClient init, ServerListFactory = com.alibaba.nacos.client.naming.core.ServerListManager
15:25:19:216  INFO 81717 --- [main] com.alibaba.nacos.common.remote.client   : [48d09683-36f1-4be8-9786-23d66751693e] Registry connection listener to current client:com.alibaba.nacos.client.naming.remote.gprc.redo.NamingGrpcRedoService
15:25:19:218  INFO 81717 --- [main] com.alibaba.nacos.common.remote.client   : [48d09683-36f1-4be8-9786-23d66751693e] Register server push request handler:com.alibaba.nacos.client.naming.remote.gprc.NamingPushRequestHandler
15:25:19:233  INFO 81717 --- [main] com.alibaba.nacos.common.remote.client   : [48d09683-36f1-4be8-9786-23d66751693e] Try to connect to server on start up, server: {serverIp = '127.0.0.1', server main port = 8848}
15:25:21:825  INFO 81805 --- [main] o.s.cloud.context.scope.GenericScope     : BeanFactory id=ddd498ca-47db-3ed1-9eea-c4281eb7d057
15:25:22:251  INFO 81717 --- [main] com.alibaba.nacos.common.remote.client   : [48d09683-36f1-4be8-9786-23d66751693e] Success to connect to server [127.0.0.1:8848] on start up, connectionId = 1784877921514_172.19.0.1_51464
15:25:22:253  INFO 81717 --- [com.alibaba.nacos.client.remote.worker] com.alibaba.nacos.common.remote.client   : [48d09683-36f1-4be8-9786-23d66751693e] Notify connected event to listeners.
15:25:22:256  INFO 81717 --- [main] com.alibaba.nacos.common.remote.client   : [48d09683-36f1-4be8-9786-23d66751693e] Register server push request handler:com.alibaba.nacos.common.remote.client.RpcClient$ConnectResetRequestHandler
15:25:22:262  INFO 81717 --- [main] com.alibaba.nacos.common.remote.client   : [48d09683-36f1-4be8-9786-23d66751693e] Register server push request handler:com.alibaba.nacos.common.remote.client.RpcClient$$Lambda$916/0x00000008405e3840
15:25:22:512  INFO 81717 --- [main] o.s.b.w.embedded.tomcat.TomcatWebServer  : Tomcat started on port(s): 8082 (http) with context path ''
15:25:22:599  INFO 81717 --- [main] c.a.c.n.registry.NacosServiceRegistry    : nacos registry, DEFAULT_GROUP item-service 172.28.181.219:8082 register finished
15:25:22:911  INFO 81717 --- [nacos-grpc-client-executor-11] com.alibaba.nacos.common.remote.client   : [48d09683-36f1-4be8-9786-23d66751693e] Receive server push request, request = NotifySubscriberRequest, requestId = 71
15:25:22:922  INFO 81717 --- [nacos-grpc-client-executor-11] com.alibaba.nacos.common.remote.client   : [48d09683-36f1-4be8-9786-23d66751693e] Ack server push request, request = NotifySubscriberRequest, requestId = 71
15:25:23:134  INFO 81805 --- [main] o.s.b.w.embedded.tomcat.TomcatWebServer  : Tomcat initialized with port(s): 8084 (http)
15:25:23:153  INFO 81805 --- [main] o.apache.catalina.core.StandardService   : Starting service [Tomcat]
15:25:23:156  INFO 81805 --- [main] org.apache.catalina.core.StandardEngine  : Starting Servlet engine: [Apache Tomcat/9.0.75]
15:25:23:403  INFO 81805 --- [main] o.a.c.c.C.[Tomcat].[localhost].[/]       : Initializing Spring embedded WebApplicationContext
15:25:23:403  INFO 81805 --- [main] w.s.c.ServletWebServerApplicationContext : Root WebApplicationContext: initialization completed in 6924 ms
15:25:23:609  INFO 81717 --- [main] o.s.cloud.commons.util.InetUtils         : Cannot determine local hostname
15:25:23:611  INFO 81717 --- [main] d.s.w.p.DocumentationPluginsBootstrapper : Documentation plugins bootstrapped
15:25:23:624  INFO 81717 --- [main] d.s.w.p.DocumentationPluginsBootstrapper : Found 1 custom documentation plugin(s)
15:25:23:736  INFO 81717 --- [main] s.d.s.w.s.ApiListingReferenceScanner     : Scanning for api listing references
15:25:24:280  INFO 81717 --- [main] com.hmall.item.ItemApplication           : Started ItemApplication in 21.367 seconds (JVM running for 22.973)
15:25:27:297  INFO 81805 --- [main] o.s.cloud.commons.util.InetUtils         : Cannot determine local hostname
15:25:27:512  INFO 81805 --- [main] pertySourcedRequestMappingHandlerMapping : Mapped URL path [/v2/api-docs] onto method [springfox.documentation.swagger2.web.Swagger2ControllerWebMvc#getDocumentation(String, HttpServletRequest)]
15:25:28:812  INFO 81805 --- [main] o.s.cloud.commons.util.InetUtils         : Cannot determine local hostname
15:25:29:872  INFO 81805 --- [main] com.alibaba.nacos.common.remote.client   : [RpcClientFactory] create a new rpc client of 7a658b4c-47cb-47f4-a319-bcd0430ae341
15:25:30:076  INFO 81805 --- [main] org.reflections.Reflections              : Reflections took 114 ms to scan 1 urls, producing 3 keys and 6 values 
15:25:30:197  INFO 81805 --- [main] org.reflections.Reflections              : Reflections took 53 ms to scan 1 urls, producing 4 keys and 9 values 
15:25:30:346  INFO 81805 --- [main] org.reflections.Reflections              : Reflections took 130 ms to scan 1 urls, producing 3 keys and 10 values 
15:25:30:363  WARN 81805 --- [main] org.reflections.Reflections              : given scan urls are empty. set urls in the configuration
15:25:30:450  INFO 81805 --- [main] org.reflections.Reflections              : Reflections took 85 ms to scan 1 urls, producing 1 keys and 5 values 
15:25:30:519  INFO 81805 --- [main] org.reflections.Reflections              : Reflections took 55 ms to scan 1 urls, producing 1 keys and 7 values 
15:25:30:583  INFO 81805 --- [main] org.reflections.Reflections              : Reflections took 53 ms to scan 1 urls, producing 2 keys and 8 values 
15:25:30:599  WARN 81805 --- [main] org.reflections.Reflections              : given scan urls are empty. set urls in the configuration
15:25:30:603  INFO 81805 --- [main] com.alibaba.nacos.common.remote.client   : [7a658b4c-47cb-47f4-a319-bcd0430ae341] RpcClient init label, labels = {module=naming, source=sdk}
15:25:30:621  INFO 81805 --- [main] com.alibaba.nacos.common.remote.client   : [7a658b4c-47cb-47f4-a319-bcd0430ae341] RpcClient init, ServerListFactory = com.alibaba.nacos.client.naming.core.ServerListManager
15:25:30:622  INFO 81805 --- [main] com.alibaba.nacos.common.remote.client   : [7a658b4c-47cb-47f4-a319-bcd0430ae341] Registry connection listener to current client:com.alibaba.nacos.client.naming.remote.gprc.redo.NamingGrpcRedoService
15:25:30:624  INFO 81805 --- [main] com.alibaba.nacos.common.remote.client   : [7a658b4c-47cb-47f4-a319-bcd0430ae341] Register server push request handler:com.alibaba.nacos.client.naming.remote.gprc.NamingPushRequestHandler
15:25:30:632  INFO 81805 --- [main] com.alibaba.nacos.common.remote.client   : [7a658b4c-47cb-47f4-a319-bcd0430ae341] Try to connect to server on start up, server: {serverIp = '127.0.0.1', server main port = 8848}
15:25:33:258  INFO 81805 --- [main] com.alibaba.nacos.common.remote.client   : [7a658b4c-47cb-47f4-a319-bcd0430ae341] Success to connect to server [127.0.0.1:8848] on start up, connectionId = 1784877932748_172.19.0.1_48340
15:25:33:261  INFO 81805 --- [com.alibaba.nacos.client.remote.worker] com.alibaba.nacos.common.remote.client   : [7a658b4c-47cb-47f4-a319-bcd0430ae341] Notify connected event to listeners.
15:25:33:263  INFO 81805 --- [main] com.alibaba.nacos.common.remote.client   : [7a658b4c-47cb-47f4-a319-bcd0430ae341] Register server push request handler:com.alibaba.nacos.common.remote.client.RpcClient$ConnectResetRequestHandler
15:25:33:269  INFO 81805 --- [main] com.alibaba.nacos.common.remote.client   : [7a658b4c-47cb-47f4-a319-bcd0430ae341] Register server push request handler:com.alibaba.nacos.common.remote.client.RpcClient$$Lambda$916/0x00000008405e3840
15:25:33:524  INFO 81805 --- [main] o.s.b.w.embedded.tomcat.TomcatWebServer  : Tomcat started on port(s): 8084 (http) with context path ''
15:25:33:571  INFO 81805 --- [main] c.a.c.n.registry.NacosServiceRegistry    : nacos registry, DEFAULT_GROUP item-service 172.28.181.219:8084 register finished
15:25:33:924  INFO 81717 --- [nacos-grpc-client-executor-16] com.alibaba.nacos.common.remote.client   : [48d09683-36f1-4be8-9786-23d66751693e] Receive server push request, request = NotifySubscriberRequest, requestId = 73
15:25:33:932  INFO 81717 --- [nacos-grpc-client-executor-16] com.alibaba.nacos.common.remote.client   : [48d09683-36f1-4be8-9786-23d66751693e] Ack server push request, request = NotifySubscriberRequest, requestId = 73
15:25:33:974  INFO 81805 --- [nacos-grpc-client-executor-11] com.alibaba.nacos.common.remote.client   : [7a658b4c-47cb-47f4-a319-bcd0430ae341] Receive server push request, request = NotifySubscriberRequest, requestId = 72
15:25:33:985  INFO 81805 --- [nacos-grpc-client-executor-11] com.alibaba.nacos.common.remote.client   : [7a658b4c-47cb-47f4-a319-bcd0430ae341] Ack server push request, request = NotifySubscriberRequest, requestId = 72
15:25:34:577  INFO 81805 --- [main] o.s.cloud.commons.util.InetUtils         : Cannot determine local hostname
15:25:34:578  INFO 81805 --- [main] d.s.w.p.DocumentationPluginsBootstrapper : Documentation plugins bootstrapped
15:25:34:603  INFO 81805 --- [main] d.s.w.p.DocumentationPluginsBootstrapper : Found 1 custom documentation plugin(s)
15:25:34:823  INFO 81805 --- [main] s.d.s.w.s.ApiListingReferenceScanner     : Scanning for api listing references
15:25:36:127  INFO 81805 --- [main] com.hmall.item.ItemApplication           : Started ItemApplication in 22.791 seconds (JVM running for 24.997)
16:21:58:555  INFO 81717 --- [http-nio-8082-exec-1] o.a.c.c.C.[Tomcat].[localhost].[/]       : Initializing Spring DispatcherServlet 'dispatcherServlet'
16:21:58:559  INFO 81717 --- [http-nio-8082-exec-1] o.s.web.servlet.DispatcherServlet        : Initializing Servlet 'dispatcherServlet'
16:21:58:578  INFO 81717 --- [http-nio-8082-exec-1] o.s.web.servlet.DispatcherServlet        : Completed initialization in 18 ms
16:21:58:736  INFO 81717 --- [http-nio-8082-exec-1] com.zaxxer.hikari.HikariDataSource       : HikariPool-1 - Starting...
16:21:59:105  INFO 81717 --- [http-nio-8082-exec-1] com.zaxxer.hikari.HikariDataSource       : HikariPool-1 - Start completed.
16:21:59:121 DEBUG 81717 --- [http-nio-8082-exec-1] c.h.i.mapper.ItemMapper.selectBatchIds   : ==>  Preparing: SELECT id,name,price,stock,image,category,brand,spec,sold,comment_count,isAD,status,create_time,update_time,creater,updater FROM item WHERE id IN ( ? )
16:21:59:168 DEBUG 81717 --- [http-nio-8082-exec-1] c.h.i.mapper.ItemMapper.selectBatchIds   : ==> Parameters: 100000006163(Long)
16:21:59:217 DEBUG 81717 --- [http-nio-8082-exec-1] c.h.i.mapper.ItemMapper.selectBatchIds   : <==      Total: 1
16:35:04:441 DEBUG 81717 --- [http-nio-8082-exec-3] c.h.i.mapper.ItemMapper.selectBatchIds   : ==>  Preparing: SELECT id,name,price,stock,image,category,brand,spec,sold,comment_count,isAD,status,create_time,update_time,creater,updater FROM item WHERE id IN ( ? )
16:35:04:442 DEBUG 81717 --- [http-nio-8082-exec-3] c.h.i.mapper.ItemMapper.selectBatchIds   : ==> Parameters: 100000006163(Long)
16:35:04:445 DEBUG 81717 --- [http-nio-8082-exec-3] c.h.i.mapper.ItemMapper.selectBatchIds   : <==      Total: 1
16:37:54:481 DEBUG 81717 --- [http-nio-8082-exec-5] c.h.i.mapper.ItemMapper.selectBatchIds   : ==>  Preparing: SELECT id,name,price,stock,image,category,brand,spec,sold,comment_count,isAD,status,create_time,update_time,creater,updater FROM item WHERE id IN ( ? )
16:37:54:482 DEBUG 81717 --- [http-nio-8082-exec-5] c.h.i.mapper.ItemMapper.selectBatchIds   : ==> Parameters: 100000006163(Long)
16:37:54:486 DEBUG 81717 --- [http-nio-8082-exec-5] c.h.i.mapper.ItemMapper.selectBatchIds   : <==      Total: 1
16:38:24:638  INFO 81805 --- [http-nio-8084-exec-1] o.a.c.c.C.[Tomcat].[localhost].[/]       : Initializing Spring DispatcherServlet 'dispatcherServlet'
16:38:24:643  INFO 81805 --- [http-nio-8084-exec-1] o.s.web.servlet.DispatcherServlet        : Initializing Servlet 'dispatcherServlet'
16:38:24:690  INFO 81805 --- [http-nio-8084-exec-1] o.s.web.servlet.DispatcherServlet        : Completed initialization in 46 ms
16:38:24:928  INFO 81805 --- [http-nio-8084-exec-1] com.zaxxer.hikari.HikariDataSource       : HikariPool-1 - Starting...
16:38:25:314  INFO 81805 --- [http-nio-8084-exec-1] com.zaxxer.hikari.HikariDataSource       : HikariPool-1 - Start completed.
16:38:25:328 DEBUG 81805 --- [http-nio-8084-exec-1] c.h.i.mapper.ItemMapper.selectBatchIds   : ==>  Preparing: SELECT id,name,price,stock,image,category,brand,spec,sold,comment_count,isAD,status,create_time,update_time,creater,updater FROM item WHERE id IN ( ? )
16:38:25:375 DEBUG 81805 --- [http-nio-8084-exec-1] c.h.i.mapper.ItemMapper.selectBatchIds   : ==> Parameters: 100000006163(Long)
16:38:25:419 DEBUG 81805 --- [http-nio-8084-exec-1] c.h.i.mapper.ItemMapper.selectBatchIds   : <==      Total: 1
16:38:28:632 DEBUG 81717 --- [http-nio-8082-exec-6] c.h.i.mapper.ItemMapper.selectBatchIds   : ==>  Preparing: SELECT id,name,price,stock,image,category,brand,spec,sold,comment_count,isAD,status,create_time,update_time,creater,updater FROM item WHERE id IN ( ? )
16:38:28:633 DEBUG 81717 --- [http-nio-8082-exec-6] c.h.i.mapper.ItemMapper.selectBatchIds   : ==> Parameters: 100000006163(Long)
16:38:28:640 DEBUG 81717 --- [http-nio-8082-exec-6] c.h.i.mapper.ItemMapper.selectBatchIds   : <==      Total: 1
